Microchip MPLAB XC8 Compiler V2.32

Linker command line:

-W-3 --edf=C:\Program Files\Microchip\xc8\v2.32\pic\dat\en_msgs.txt -cn \
  -h+dist/default/debug\LAB11.X__1_.debug.sym \
  --cmf=dist/default/debug\LAB11.X__1_.debug.cmf -z -Q18F4520 \
  -oC:\Users\F74086~1\AppData\Local\Temp\xcAs2sc.4 --defsym=__MPLAB_BUILD=1 \
  -Mdist/default/debug/LAB11.X__1_.debug.map -E1 -ver=XC8 Compiler \
  --acfsm=1493 -ASTACK=080h-05F3h -pstack=STACK -ACODE=00h-07DBFh \
  -ACONST=00h-07DBFh -ASMALLCONST=0600h-06FFhx119,07D00h-07DBFh \
  -AMEDIUMCONST=0600h-07DBFh -ACOMRAM=01h-07Fh -AABS1=00h-05F3h \
  -ABIGRAM=01h-05F3h -ARAM=080h-0FFh,0100h-01FFhx4,0500h-05F3h \
  -ABANK0=080h-0FFh -ABANK1=0100h-01FFh -ABANK2=0200h-02FFh \
  -ABANK3=0300h-03FFh -ABANK4=0400h-04FFh -ABANK5=0500h-05F3h \
  -ASFR=0F80h-0F9Bh,0F9Dh-0FD3h,0FD5h-0FDAh,0FE0h-0FE2h,0FE8h-0FEAh,0FF0h-0FFCh \
  -ACONFIG=0300000h-030000Dh -AIDLOC=0200000h-0200007h \
  -AEEDATA=0F00000h-0F000FFh -peeprom_data=EEDATA \
  -preset_vec=00h,intcode=08h,intcodelo=018h,powerup,init -pramtop=0600h \
  -psmallconst=SMALLCONST -pmediumconst=MEDIUMCONST -pconst=CONST \
  -AFARRAM=00h-00h \
  -prdata=COMRAM,nvrram=COMRAM,nvbit=COMRAM,rbss=COMRAM,rbit=COMRAM \
  -pfarbss=FARRAM,fardata=FARRAM,nvFARRAM=FARRAM \
  -pintsave_regs=BIGRAM,bigbss=BIGRAM,bigdata=BIGRAM -pbss=RAM \
  -pidata=CODE,irdata=CODE,ibigdata=CODE,ifardata=CODE -prparam=COMRAM \
  C:\Users\F74086~1\AppData\Local\Temp\xcAs2sc.o \
  dist/default/debug\LAB11.X__1_.debug.o 

Object code version is 3.11

Machine type is 18F4520



                Name                               Link     Load   Length Selector   Space Scale
C:\Users\F74086~1\AppData\Local\Temp\xcAs2sc.o
                idloc                            200000   200000        8        0       5
                config                           300000   300000        E        0       4
                init                                 4C       4C        4        C       0
                reset_vec                             0        0        4        0       0
dist/default/debug\LAB11.X__1_.debug.o
                intcodelo                            18       18       34        C       0
                intcode                               8        8        6        4       0
                idloc                            200000   200000        8        0       5
                config                           300000   300000        E        0       4
                temp                                 45       45        1        1       1
                smallconst                          600      600       12      300       0
                text13                              8E6      8E6       54      309       0
                text12                              83C      83C       56      309       0
                text11                              9F0      9F0       30      309       0
                intcode_body                        612      612      112      309       0
                text9                               A8E      A8E       12      309       0
                text7                               892      892       54      309       0
                text6                               7B2      7B2       8A      309       0
                text5                               93A      93A       42      309       0
                text4                               A48      A48       28      309       0
                text3                               A20      A20       28      309       0
                text2                               9BA      9BA       36      309       0
                text1                               97C      97C       3E      309       0
                text0                               724      724       8E      309       0
                cstackCOMRAM                         2B       2B       1A        1       1
                bssCOMRAM                             1        1       2A        1       1
                cinit                               A70      A70       1E      309       0

TOTAL           Name                               Link     Load   Length     Space
        CLASS   STACK          

        CLASS   CODE           
                intcodelo                            18       18       34         0
                intcode                               8        8        6         0
                init                                 4C       4C        4         0
                reset_vec                             0        0        4         0
                text13                              8E6      8E6       54         0
                text12                              83C      83C       56         0
                text11                              9F0      9F0       30         0
                intcode_body                        612      612      112         0
                text9                               A8E      A8E       12         0
                text7                               892      892       54         0
                text6                               7B2      7B2       8A         0
                text5                               93A      93A       42         0
                text4                               A48      A48       28         0
                text3                               A20      A20       28         0
                text2                               9BA      9BA       36         0
                text1                               97C      97C       3E         0
                text0                               724      724       8E         0
                cinit                               A70      A70       1E         0

        CLASS   CONST          

        CLASS   SMALLCONST     
                smallconst                          600      600       12         0

        CLASS   MEDIUMCONST    

        CLASS   COMRAM         
                temp                                 45       45        1         1
                cstackCOMRAM                         2B       2B       1A         1
                bssCOMRAM                             1        1       2A         1

        CLASS   ABS1           

        CLASS   BIGRAM         

        CLASS   RAM            

        CLASS   BANK0          

        CLASS   BANK1          

        CLASS   BANK2          

        CLASS   BANK3          

        CLASS   BANK4          

        CLASS   BANK5          

        CLASS   SFR            

        CLASS   CONFIG         
                config                           300000   300000        E         4

        CLASS   IDLOC          
                idloc                            200000   200000        8         5

        CLASS   EEDATA         

        CLASS   FARRAM         



SEGMENTS        Name                           Load    Length   Top    Selector   Space  Class

                reset_vec                      000000  000004  000004         0       0  CODE    
                bssCOMRAM                      000001  000045  000046         1       1  COMRAM  
                intcode                        000008  000006  00000E         4       0  CODE    
                intcodelo                      000018  000038  000050         C       0  CODE    
                smallconst                     000600  000012  000612       300       0  SMALLCON
                intcode_body                   000612  00048E  000AA0       309       0  CODE    


UNUSED ADDRESS RANGES

        Name                Unused          Largest block    Delta
        BANK0            000080-0000FF               80
        BANK1            000100-0001FF              100
        BANK2            000200-0002FF              100
        BANK3            000300-0003FF              100
        BANK4            000400-0004FF              100
        BANK5            000500-0005F3               F4
        BIGRAM           000046-0005F3              5AE
        CODE             000004-000007                4
                         00000E-000017                A
                         000050-0005FF              5B0
                         000AA0-007DBF             7320
        COMRAM           000046-00007F               3A
        CONST            000004-000007                4
                         00000E-000017                A
                         000050-0005FF              5B0
                         000AA0-007DBF             7320
        EEDATA           F00000-F000FF              100
        MEDIUMCONST      000AA0-007DBF             7320
        RAM              000080-0005F3              100
        SFR              000F80-000F9B               1C
                         000F9D-000FD3               37
                         000FD5-000FDA                6
                         000FE0-000FE2                3
                         000FE8-000FEA                3
                         000FF0-000FFC                D
        SMALLCONST       000AA0-007DBF              100
        STACK            000080-0005F3              574

                                  Symbol Table

?_GetString               cstackCOMRAM 000038
ClearBuffer@i             cstackCOMRAM 000037
GetString@c               cstackCOMRAM 00003C
GetString@i               cstackCOMRAM 00003A
UART_Write@data           cstackCOMRAM 000037
UART_Write_Text@i         cstackCOMRAM 000030
UART_Write_Text@text      cstackCOMRAM 00002C
_ADCON0bits               (abs)        000FC2
_ADCON1bits               (abs)        000FC1
_ADCON2bits               (abs)        000FC0
_BAUDCONbits              (abs)        000FB8
_CREN                     (abs)        007D5C
_ClearBuffer              text5        00093A
_GetString                text6        0007B2
_HI_ISR                   intcode      000008
_INTCON2bits              (abs)        000FF1
_INTCON3bits              (abs)        000FF0
_INTCONbits               (abs)        000FF2
_IPR1bits                 (abs)        000F9F
_LATD                     (abs)        000F8C
_Lo_ISR                   intcodelo    000018
_Mode3                    text4        000A48
_MyusartRead              text9        000A8E
_OSCCONbits               (abs)        000FD3
_PIE1bits                 (abs)        000F9D
_PIR1bits                 (abs)        000F9E
_RCIF                     (abs)        007CF5
_RCONbits                 (abs)        000FD0
_RCREG                    (abs)        000FAE
_RCSTAbits                (abs)        000FAB
_SPBRG                    (abs)        000FAF
_TRISAbits                (abs)        000F92
_TRISBbits                (abs)        000F93
_TRISCbits                (abs)        000F94
_TRISD                    (abs)        000F95
_TXREG                    (abs)        000FAD
_TXSTAbits                (abs)        000FAC
_UART_Initialize          text3        000A20
_UART_Write               text7        000892
_UART_Write_Text          text12       00083C
_VR_Initialize            text2        0009BA
__HRAM                    (abs)        000000
__Habs1                   abs1         000000
__Hbank0                  bank0        000000
__Hbank1                  bank1        000000
__Hbank2                  bank2        000000
__Hbank3                  bank3        000000
__Hbank4                  bank4        000000
__Hbank5                  bank5        000000
__Hbigbss                 bigbss       000000
__Hbigdata                bigdata      000000
__Hbigram                 bigram       000000
__Hbss                    bss          000000
__HbssCOMRAM              bssCOMRAM    000000
__Hcinit                  cinit        000000
__Hclrtext                clrtext      000000
__Hcomram                 comram       000000
__Hconfig                 config       30000E
__Hconst                  const        000000
__HcstackCOMRAM           cstackCOMRAM 000000
__Hdata                   data         000000
__Heeprom_data            eeprom_data  000000
__Hfarbss                 farbss       000000
__Hfardata                fardata      000000
__Hibigdata               ibigdata     000000
__Hidata                  idata        000000
__Hidloc                  idloc        200008
__Hifardata               ifardata     000000
__Hinit                   init         000050
__Hintcode                intcode      00000E
__Hintcode_body           intcode_body 000000
__Hintcodelo              intcodelo    00004C
__Hintentry               intentry     000000
__Hintret                 intret       000000
__Hintsave_regs           intsave_regs 000000
__Hirdata                 irdata       000000
__Hmediumconst            mediumconst  000000
__HnvFARRAM               nvFARRAM     000000
__Hnvbit                  nvbit        000000
__Hnvrram                 nvrram       000000
__Hparam                  rparam       000000
__Hpowerup                powerup      00004C
__Hram                    ram          000000
__Hramtop                 ramtop       000600
__Hrbit                   rbit         000000
__Hrbss                   rbss         000000
__Hrdata                  rdata        000000
__Hreset_vec              reset_vec    000004
__Hrparam                 rparam       000000
__Hsfr                    sfr          000000
__Hsmallconst             smallconst   000612
__Hspace_0                (abs)        000AA0
__Hspace_1                (abs)        000046
__Hspace_2                (abs)        000000
__Hspace_4                (abs)        60000E
__Hstack                  stack        000000
__Hstruct                 struct       000000
__Htemp                   temp         000046
__Htext                   text         000000
__Htext0                  text0        000000
__Htext1                  text1        000000
__Htext11                 text11       000000
__Htext12                 text12       000000
__Htext13                 text13       000000
__Htext2                  text2        000000
__Htext3                  text3        000000
__Htext4                  text4        000000
__Htext5                  text5        000000
__Htext6                  text6        000000
__Htext7                  text7        000000
__Htext9                  text9        000000
__LRAM                    (abs)        000001
__Labs1                   abs1         000000
__Lbank0                  bank0        000000
__Lbank1                  bank1        000000
__Lbank2                  bank2        000000
__Lbank3                  bank3        000000
__Lbank4                  bank4        000000
__Lbank5                  bank5        000000
__Lbigbss                 bigbss       000000
__Lbigdata                bigdata      000000
__Lbigram                 bigram       000000
__Lbss                    bss          000000
__LbssCOMRAM              bssCOMRAM    000000
__Lcinit                  cinit        000000
__Lclrtext                clrtext      000000
__Lcomram                 comram       000000
__Lconfig                 config       000000
__Lconst                  const        000000
__LcstackCOMRAM           cstackCOMRAM 000000
__Ldata                   data         000000
__Leeprom_data            eeprom_data  000000
__Lfarbss                 farbss       000000
__Lfardata                fardata      000000
__Libigdata               ibigdata     000000
__Lidata                  idata        000000
__Lidloc                  idloc        000000
__Lifardata               ifardata     000000
__Linit                   init         00004C
__Lintcode                intcode      000008
__Lintcode_body           intcode_body 000000
__Lintcodelo              intcodelo    000018
__Lintentry               intentry     000000
__Lintret                 intret       000000
__Lintsave_regs           intsave_regs 000000
__Lirdata                 irdata       000000
__Lmediumconst            mediumconst  000000
__LnvFARRAM               nvFARRAM     000000
__Lnvbit                  nvbit        000000
__Lnvrram                 nvrram       000000
__Lparam                  rparam       000000
__Lpowerup                powerup      00004C
__Lram                    ram          000000
__Lramtop                 ramtop       000600
__Lrbit                   rbit         000000
__Lrbss                   rbss         000000
__Lrdata                  rdata        000000
__Lreset_vec              reset_vec    000000
__Lrparam                 rparam       000000
__Lsfr                    sfr          000000
__Lsmallconst             smallconst   000600
__Lspace_0                (abs)        000000
__Lspace_1                (abs)        000000
__Lspace_2                (abs)        000000
__Lspace_4                (abs)        000000
__Lstack                  stack        000000
__Lstruct                 struct       000000
__Ltemp                   temp         000045
__Ltext                   text         000000
__Ltext0                  text0        000000
__Ltext1                  text1        000000
__Ltext11                 text11       000000
__Ltext12                 text12       000000
__Ltext13                 text13       000000
__Ltext2                  text2        000000
__Ltext3                  text3        000000
__Ltext4                  text4        000000
__Ltext5                  text5        000000
__Ltext6                  text6        000000
__Ltext7                  text7        000000
__Ltext9                  text9        000000
__S0                      (abs)        000AA0
__S1                      (abs)        000046
__S2                      (abs)        000000
__S4                      (abs)        000000
__S5                      (abs)        000000
___inthi_sp               stack        000000
___intlo_sp               stack        000000
___param_bank             (abs)        000000
___rparam_used            (abs)        000001
___sp                     stack        000000
__accesstop               (abs)        000080
__activetblptr            (abs)        000001
__end_of_ClearBuffer      text5        00097C
__end_of_GetString        text6        00083C
__end_of_HI_ISR           intcode_body 000724
__end_of_Lo_ISR           intcodelo    00004C
__end_of_Mode3            text4        000A70
__end_of_MyusartRead      text9        000AA0
__end_of_UART_Initialize  text3        000A48
__end_of_UART_Write       text7        0008E6
__end_of_UART_Write_Text  text12       000892
__end_of_VR_Initialize    text2        0009F0
__end_of__initialization  cinit        000A7C
__end_of_delay            text11       000A20
__end_of_main             text0        0007B2
__end_of_strcpy           text1        0009BA
__end_ofi2_UART_Write     text13       00093A
__initialization          cinit        000A70
__mediumconst             mediumconst  000000
__pbssCOMRAM              bssCOMRAM    000001
__pcinit                  cinit        000A70
__pcstackCOMRAM           cstackCOMRAM 00002B
__pintcode                intcode      000008
__pintcode_body           intcode_body 000612
__pintcodelo              intcodelo    000018
__psmallconst             smallconst   000600
__ptext0                  text0        000724
__ptext1                  text1        00097C
__ptext11                 text11       0009F0
__ptext12                 text12       00083C
__ptext13                 text13       0008E6
__ptext2                  text2        0009BA
__ptext3                  text3        000A20
__ptext4                  text4        000A48
__ptext5                  text5        00093A
__ptext6                  text6        0007B2
__ptext7                  text7        000892
__ptext9                  text9        000A8E
__ramtop                  ramtop       000600
__size_of_ClearBuffer     (abs)        000000
__size_of_GetString       (abs)        000000
__size_of_HI_ISR          (abs)        000000
__size_of_Lo_ISR          (abs)        000000
__size_of_Mode3           (abs)        000000
__size_of_MyusartRead     (abs)        000000
__size_of_UART_Initialize (abs)        000000
__size_of_UART_Write      (abs)        000000
__size_of_UART_Write_Text (abs)        000000
__size_of_VR_Initialize   (abs)        000000
__size_of_delay           (abs)        000000
__size_of_main            (abs)        000000
__size_of_strcpy          (abs)        000000
__size_ofi2_UART_Write    (abs)        000000
__smallconst              smallconst   000600
_buffer                   bssCOMRAM    000017
_delay                    text11       0009F0
_lenStr                   bssCOMRAM    000001
_main                     text0        000724
_str                      bssCOMRAM    000003
_strcpy                   text1        00097C
btemp                     temp         000045
delay@i                   cstackCOMRAM 00002E
delay@num                 cstackCOMRAM 00002B
end_of_initialization     cinit        000A7C
i2UART_Write@data         cstackCOMRAM 00002B
i2_UART_Write             text13       0008E6
int$flags                 temp         000045
int_func                  intcode_body 000612
intlevel0                 text         000000
intlevel1                 text         000000
intlevel2                 text         000000
intlevel3                 text         000000
isa$std                   (abs)        000001
isa$xinst                 (abs)        000000
stackhi                   (abs)        0005F3
stacklo                   (abs)        000080
start                     init         00004C
start_initialization      cinit        000A70
strcpy@d                  cstackCOMRAM 000043
strcpy@dest               cstackCOMRAM 00003D
strcpy@s                  cstackCOMRAM 000041
strcpy@src                cstackCOMRAM 00003F
ttemp5                    temp         000046
ttemp6                    temp         000049
ttemp7                    temp         00004D
wtemp8                    temp         000046


MODULE INFORMATION

Module		Function		Class		Link	Load	Size
setting_hardaware/uart.c
		_VR_Initialize 		CODE           	09BA	0000	54
		_Lo_ISR        		CODE           	0018	0000	52
		_MyusartRead   		CODE           	0A8E	0000	18
		_UART_Write_Text		CODE           	083C	0000	86
		_GetString     		CODE           	07B2	0000	138
		_ClearBuffer   		CODE           	093A	0000	66
		_UART_Initialize		CODE           	0A20	0000	40
		_UART_Write    		CODE           	0892	0000	84

setting_hardaware/uart.c estimated size: 538

advance.c
		_Mode3         		CODE           	0A48	0000	40
		_delay         		CODE           	09F0	0000	48
		_HI_ISR        		CODE           	0008	0000	280
		_main          		CODE           	0724	0000	142

advance.c estimated size: 510

shared
		i2_UART_Write  		CODE           	08E6	0000	84
		__initialization		CODE           	0A70	0000	12

shared estimated size: 96

C:\Program Files\Microchip\xc8\v2.32\pic\sources\c99\common\strcpy.c
		_strcpy        		CODE           	097C	0000	62

C:\Program Files\Microchip\xc8\v2.32\pic\sources\c99\common\strcpy.c estimated size: 62

